// Jest Snapshot v1, https://goo.gl/fbAQLP

exports[`InstructorResourcesPane matches snapshot 1`] = `"<h4>Free (8)</h4><div class=\\"swipe-zone\\"><div class=\\"free-resources-region\\"><a class=\\"resource-box\\" href=\\"https://d3bxy9euw4e147.cloudfront.net/oscms-dev/media/documents/FBiology_2016.pdf\\"><div class=\\"top\\"><h3>Instructor Getting Started Guide</h3><div data-html=\\"description\\"></div></div><div class=\\"bottom\\"><div class=\\"left\\">Download</div><div class=\\"right\\"><i class=\\"fa fa-download\\"></i></div></div></a><a class=\\"resource-box\\" href=\\"https://d3bxy9euw4e147.cloudfront.net/oscms-dev/media/documents/Syllabus_Language_-_Biology.txt\\"><div class=\\"top\\"><h3>Sample Syllabus Language</h3><div data-html=\\"description\\"><p><br></p></div></div><div class=\\"bottom\\"><div class=\\"left\\">Download</div><div class=\\"right\\"><i class=\\"fa fa-download\\"></i></div></div></a><a class=\\"resource-box\\" href=\\"https://accounts-dev.openstax.org/faculty_access/apply?r=about%3Ablank\\"><div class=\\"top\\"><h3>Instructor Answer Guide</h3><div data-html=\\"description\\"><p>Our&nbsp;instructor answer guide contains detailed solutions to all the end-of-chapter questions in your OpenStax book.</p></div></div><div class=\\"bottom\\"><div class=\\"left\\">Click here to unlock</div><div class=\\"right\\"><i class=\\"fa fa-lock\\"></i></div></div></a><a class=\\"resource-box\\" href=\\"https://accounts-dev.openstax.org/faculty_access/apply?r=about%3Ablank\\"><div class=\\"top\\"><h3>Supplemental Test Items</h3><div data-html=\\"description\\"><p>These test items are a modification of assessment items based on your OpenStax book and provided by Lumen Learning, with generous funding from the William and Flora Hewlett Foundation.</p></div></div><div class=\\"bottom\\"><div class=\\"left\\">Click here to unlock</div><div class=\\"right\\"><i class=\\"fa fa-lock\\"></i></div></div></a><a class=\\"resource-box\\" href=\\"https://accounts-dev.openstax.org/faculty_access/apply?r=about%3Ablank\\"><div class=\\"top\\"><h3>PowerPoint Slides</h3><div data-html=\\"description\\"><p>The PowerPoint slides are based on the chapter organization of your OpenStax book. Feel free to edit them, incorporate them into lecture notes, and share them with anyone in the community.</p></div></div><div class=\\"bottom\\"><div class=\\"left\\">Click here to unlock</div><div class=\\"right\\"><i class=\\"fa fa-lock\\"></i></div></div></a><a class=\\"resource-box\\" href=\\"http://www.accesyourtextbook.com/browse/book_details/id/9\\"><div class=\\"top\\"><h3>ACCES: Low Cost Custom Digital and Print</h3><div data-html=\\"description\\"><p>The ACCES platform allows faculty to create custom low-cost print and digital versions of an OpenStax textbook and offer it through their campus bookstore. Please allow time to register for a verified faculty account on the ACCES website before creating your custom book.</p></div></div><div class=\\"bottom\\"><div class=\\"left\\">Go</div><div class=\\"right\\"><i class=\\"fa fa-external-link-alt\\"></i></div></div></a><a class=\\"resource-box\\" href=\\"https://accounts-dev.openstax.org/faculty_access/apply?r=about%3Ablank\\"><div class=\\"top\\"><h3>iBooks Comp Copy</h3><div data-html=\\"description\\"><p>We offer a free premium iBooks comp copy for instructors. This is an ideal option if you have an iPad and are looking for an enhanced interactive version of the text. Click here to request your copy via your instructor&nbsp;account.</p></div></div><div class=\\"bottom\\"><div class=\\"left\\">Click here to unlock</div><div class=\\"right\\"><i class=\\"fa fa-lock\\"></i></div></div></a><a class=\\"resource-box\\" href=\\"https://accounts-dev.openstax.org/faculty_access/apply?r=about%3Ablank\\"><div class=\\"top\\"><h3>Concept Coach</h3><div data-html=\\"description\\"><p>Concept Coach incorporates cognitive science principles to improve reading comprehension. Students will come across questions sets in the web view of their Concept Coach-enabled textbook that help them understand and retain what they've read. </p></div></div><div class=\\"bottom\\"><div class=\\"left\\">Click here to unlock</div><div class=\\"right\\"><i class=\\"fa fa-lock\\"></i></div></div></a></div></div><h4>Paid (8)</h4><div class=\\"swipe-zone\\"><div class=\\"paid-resources-region\\"><div class=\\"logo-box\\"><a href=\\"https://www.cogbooks.com/biology/\\"><img src=\\"null\\" alt=\\"CogBooks\\"></a></div><div class=\\"logo-box\\"><a href=\\"http://theexpertta.com/biology/\\"><img src=\\"https://d3bxy9euw4e147.cloudfront.net/oscms-dev/media/original_images/ExpertTA.png\\" alt=\\"Expert TA\\"></a></div><div class=\\"logo-box\\"><a href=\\"https://marketplace.memoryscience.com/marketplace/\\"><img src=\\"https://d3bxy9euw4e147.cloudfront.net/oscms-dev/media/original_images/MemoryScience.png\\" alt=\\"Memory Science\\"></a></div><div class=\\"logo-box\\"><a href=\\"http://openstaxcollege.odigia.com/\\"><img src=\\"https://d3bxy9euw4e147.cloudfront.net/oscms-dev/media/original_images/Odigia.png\\" alt=\\"Odigia\\"></a></div><div class=\\"logo-box\\"><a href=\\"http://www2.saplinglearning.com/introductory-biology\\"><img src=\\"https://d3bxy9euw4e147.cloudfront.net/oscms-dev/media/original_images/Sapling.png\\" alt=\\"Sapling Learning\\"></a></div><div class=\\"logo-box\\"><a href=\\"http://simbio.com/\\"><img src=\\"https://d3bxy9euw4e147.cloudfront.net/oscms-dev/media/original_images/logo-SimBio.png\\" alt=\\"SimBio\\"></a></div><div class=\\"logo-box\\"><a href=\\"https://tophat.com/openstax/biology/\\"><img src=\\"https://d3bxy9euw4e147.cloudfront.net/oscms-dev/media/original_images/TopHat.png\\" alt=\\"Top Hat\\"></a></div><div class=\\"logo-box\\"><a href=\\"http://www.wiley.com/college/sc/bio/\\"><img src=\\"https://d3bxy9euw4e147.cloudfront.net/oscms-dev/media/original_images/Wiley.png\\" alt=\\"Wiley\\"></a></div></div></div>"`;
