// Jest Snapshot v1, https://goo.gl/fbAQLP

exports[`CategorySelector matches snapshot 1`] = `"<div class=\\"filter-button\\" tabindex=\\"0\\" role=\\"button\\" data-value=\\"view-all\\" aria-pressed=\\"false\\"><span data-html=\\"items[0].html\\">View All</span></div><div class=\\"filter-button\\" tabindex=\\"0\\" role=\\"button\\" data-value=\\"math\\" aria-pressed=\\"false\\"><span data-html=\\"items[1].html\\">Math</span></div><div class=\\"filter-button\\" tabindex=\\"0\\" role=\\"button\\" data-value=\\"science\\" aria-pressed=\\"true\\"><span class=\\"on-mobile filter-by\\">Filter by: </span><span data-html=\\"items[2].html\\">Science</span><span class=\\"on-mobile fa fa-chevron-down\\"></span></div><div class=\\"filter-button\\" tabindex=\\"0\\" role=\\"button\\" data-value=\\"social-sciences\\" aria-pressed=\\"false\\"><span data-html=\\"items[3].html\\">Social Sciences</span></div><div class=\\"filter-button\\" tabindex=\\"0\\" role=\\"button\\" data-value=\\"humanities\\" aria-pressed=\\"false\\"><span data-html=\\"items[4].html\\">Humanities</span></div><div class=\\"filter-button\\" tabindex=\\"0\\" role=\\"button\\" data-value=\\"business\\" aria-pressed=\\"false\\"><span data-html=\\"items[5].html\\">Business</span></div><div class=\\"filter-button\\" tabindex=\\"0\\" role=\\"button\\" data-value=\\"ap\\" aria-pressed=\\"false\\"><span data-html=\\"items[6].html\\">AP<sup>Â®</sup></span></div>"`;
